// Jest Snapshot v1, https://goo.gl/fbAQLP

exports[`Feed snapShot 1`] = `
<View
  style={
    Object {
      "backgroundColor": "#00ACC1",
      "flex": 1,
    }
  }
>
  <RCTScrollView>
    <View>
      <View
        style={
          Object {
            "paddingTop": "180%",
          }
        }
      >
        <View
          style={
            Array [
              Object {
                "bottom": 0,
                "left": 0,
                "position": "absolute",
                "right": 0,
                "top": 0,
              },
              Object {
                "alignItems": "center",
                "backgroundColor": "rgba(0,0,0,0)",
                "justifyContent": "center",
              },
            ]
          }
        >
          <ActivityIndicator
            animating={true}
            color="white"
            hidesWhenStopped={true}
            size={60}
          />
        </View>
      </View>
    </View>
  </RCTScrollView>
</View>
`;
