// Jest Snapshot v1, https://goo.gl/fbAQLP

exports[`PrivateFeed snapShot 1`] = `
<View
  style={
    Object {
      "backgroundColor": "#00ACC1",
      "flex": 1,
    }
  }
>
  <RCTScrollView>
    <View>
      <View
        style={
          Object {
            "backgroundColor": "white",
            "borderRadius": 15,
            "elevation": 4,
            "flexGrow": 1,
            "margin": 25,
            "marginTop": 20,
            "padding": 20,
          }
        }
      >
        <Text
          accessible={true}
          allowFontScaling={true}
          ellipsizeMode="tail"
          style={
            Object {
              "color": "#26C6DA",
              "fontSize": 30,
              "fontWeight": "800",
            }
          }
        >
          Olá 
          
          , seja bem Vindo!
        </Text>
        <View
          style={
            Object {
              "marginTop": 10,
            }
          }
        >
          <Text
            accessible={true}
            allowFontScaling={true}
            ellipsizeMode="tail"
            style={
              Object {
                "color": "#26C6DA",
                "fontWeight": "800",
              }
            }
          >
            Cadastre a placa do seu veículo para poder receber novas notificações.
          </Text>
        </View>
      </View>
      <View
        style={
          Object {
            "paddingTop": "75%",
          }
        }
      >
        <View
          style={
            Array [
              Object {
                "bottom": 0,
                "left": 0,
                "position": "absolute",
                "right": 0,
                "top": 0,
              },
              Object {
                "alignItems": "center",
                "backgroundColor": "rgba(0,0,0,0)",
                "justifyContent": "center",
              },
            ]
          }
        >
          <View
            style={
              Array [
                Object {
                  "alignItems": "center",
                  "flex": 1,
                  "justifyContent": "center",
                },
                undefined,
              ]
            }
          >
            <View
              animating={true}
              animationDuration={2400}
              animationEasing={[Function]}
              collapsable={undefined}
              color="white"
              interaction={true}
              renderComponent={[Function]}
              style={
                Object {
                  "height": 50,
                  "width": 50,
                }
              }
            >
              <View
                collapsable={undefined}
                style={
                  Object {
                    "alignItems": "center",
                    "bottom": 0,
                    "justifyContent": "center",
                    "left": 0,
                    "position": "absolute",
                    "right": 0,
                    "top": 0,
                  }
                }
              >
                <View
                  collapsable={undefined}
                  style={
                    Object {
                      "height": 50,
                      "transform": Array [
                        Object {
                          "rotate": "45deg",
                        },
                      ],
                      "width": 50,
                    }
                  }
                >
                  <View
                    collapsable={false}
                    style={
                      Object {
                        "height": 25,
                        "overflow": "hidden",
                        "width": 50,
                      }
                    }
                  >
                    <View
                      collapsable={undefined}
                      style={
                        Object {
                          "height": 50,
                          "transform": Array [
                            Object {
                              "translateY": 0,
                            },
                            Object {
                              "rotate": "-165deg",
                            },
                          ],
                          "width": 50,
                        }
                      }
                    >
                      <View
                        collapsable={false}
                        style={
                          Object {
                            "height": 25,
                            "overflow": "hidden",
                            "width": 50,
                          }
                        }
                      >
                        <View
                          collapsable={undefined}
                          style={
                            Object {
                              "borderColor": "white",
                              "borderRadius": 25,
                              "borderWidth": 5,
                              "height": 50,
                              "width": 50,
                            }
                          }
                        />
                      </View>
                    </View>
                  </View>
                </View>
              </View>
              <View
                collapsable={undefined}
                style={
                  Object {
                    "alignItems": "center",
                    "bottom": 0,
                    "justifyContent": "center",
                    "left": 0,
                    "position": "absolute",
                    "right": 0,
                    "top": 0,
                  }
                }
              >
                <View
                  collapsable={undefined}
                  style={
                    Object {
                      "height": 50,
                      "transform": Array [
                        Object {
                          "rotate": "45deg",
                        },
                      ],
                      "width": 50,
                    }
                  }
                >
                  <View
                    collapsable={false}
                    style={
                      Object {
                        "height": 25,
                        "overflow": "hidden",
                        "top": 25,
                        "width": 50,
                      }
                    }
                  >
                    <View
                      collapsable={undefined}
                      style={
                        Object {
                          "height": 50,
                          "transform": Array [
                            Object {
                              "translateY": -25,
                            },
                            Object {
                              "rotate": "345deg",
                            },
                          ],
                          "width": 50,
                        }
                      }
                    >
                      <View
                        collapsable={false}
                        style={
                          Object {
                            "height": 25,
                            "overflow": "hidden",
                            "width": 50,
                          }
                        }
                      >
                        <View
                          collapsable={undefined}
                          style={
                            Object {
                              "borderColor": "white",
                              "borderRadius": 25,
                              "borderWidth": 5,
                              "height": 50,
                              "width": 50,
                            }
                          }
                        />
                      </View>
                    </View>
                  </View>
                </View>
              </View>
            </View>
          </View>
        </View>
      </View>
    </View>
  </RCTScrollView>
</View>
`;
